
. run sub/load_data.do

. run sub/create_vars.do

. melogit invite i.costarm i.navarm c_relatives i2scale_std ///
>         female || access_code: , nolog

Mixed-effects logistic regression               Number of obs     =      4,946
Group variable: access_code                     Number of groups  =        414

                                                Obs per group:
                                                              min =          1
                                                              avg =       11.9
                                                              max =         91

Integration method: mvaghermite                 Integration pts.  =          7

                                                Wald chi2(5)      =      52.89
Log likelihood = -1999.7799                     Prob > chi2       =     0.0000
------------------------------------------------------------------------------
      invite | Coefficient  Std. err.      z    P>|z|     [95% conf. interval]
-------------+----------------------------------------------------------------
   1.costarm |   .3182362   .1993382     1.60   0.110    -.0724594    .7089318
    1.navarm |  -.2272923   .1993264    -1.14   0.254    -.6179648    .1633802
 c_relatives |  -.2666176   .0583962    -4.57   0.000     -.381072   -.1521631
 i2scale_std |   .0535967    .100684     0.53   0.595    -.1437404    .2509338
      female |   .4765499   .0899793     5.30   0.000     .3001937    .6529061
       _cons |   -2.21297   .1855852   -11.92   0.000     -2.57671   -1.849229
-------------+----------------------------------------------------------------
access_code  |
   var(_cons)|   2.940744   .3767668                      2.287714    3.780183
------------------------------------------------------------------------------
LR test vs. logistic model: chibar2(01) = 685.37      Prob >= chibar2 = 0.0000

. estat icc

Residual intraclass correlation

------------------------------------------------------------------------------
                       Level |        ICC   Std. err.     [95% conf. interval]
-----------------------------+------------------------------------------------
                 access_code |   .4719832   .0319293      .4101623    .5346755
------------------------------------------------------------------------------

. qui est save sub/invite_result, replace

. 
end of do-file
